
> cashwater@0.1.0 build
> next build

node.exe : ⚠ Warning: 
Next.js inferred your 
workspace root, but 
it may not be correct.
At line:1 char:1
+ & "C:\Program Files\
nodejs/node.exe" "C:\U
sers\user\AppData\Roam
ing\n ...
+ ~~~~~~~~~~~~~~~~~~~~
~~~~~~~~~~~~~~~~~~~~~~
~~~~~~~~~~~~~~~~~~~~~~
~~~~~
    + CategoryInfo    
          : NotSpeci  
  fied: (⚠ Warning:   
  Next...not be co    
rrect.:String) []    
, RemoteException
    + FullyQualifiedE 
   rrorId : NativeCo  
  mmandError
 
 We detected multiple 
lockfiles and 
selected the 
directory of C:\Users\
user\Downloads\package
-lock.json as the 
root directory.
 To silence this 
warning, set 
`turbopack.root` in 
your Next.js config, 
or consider removing 
one of the lockfiles 
if it's not needed.
   See https://nextjs.
org/docs/app/api-refer
ence/config/next-confi
g-js/turbopack#root-di
rectory for more 
information.
 Detected additional 
lockfiles: 
   * C:\Users\user\Dow
nloads\Cashwater Admin
\cashwater\package-loc
k.json

▲ Next.js 16.1.6 (Turbopack)

  Creating an optimized production build ...

> Build error occurred
Error: Turbopack 
build failed with 1 
errors:
./Cashwater Admin/cash
water/app/components/A
nalyticsSidebar.tsx:71
:19
Parsing ecmascript 
source code failed
[0m [90m 69 |[39m  
                   [3
3m<[39m[33m/[39m[3
3mdiv[39m[33m>[39m
 [90m 70 |[39m      
           [33m<[39m
[33m/[39m[33mdiv[3
9m[33m>[39m
[31m[1m>[22m[39m[
90m 71 |[39m         
    [33m<[39m[33m/
[39m[33mdiv[39m[33m
>[39m
 [90m    |[39m      
             
[31m[1m^[22m[39m
[31m[1m>[22m[39m[
90m 72 |[39m         
[33m<[39m[33m/[39m
[33maside[39m[33m>
[39m
 [90m    |[39m [31m
[1m^[22m[39m[31m[
1m^[22m[39m[31m[1m
^[22m[39m[31m[1m^
[22m[39m[31m[1m^[2
2m[39m[31m[1m^[22m
[39m[31m[1m^[22m[
39m[31m[1m^[22m[39
m[31m[1m^[22m[39m
 [90m 73 |[39m     
)[33m;[39m
 [90m 74 |[39m }
 [90m 75 |[39m[0m

Expected '</', got 
'jsx text'

Import traces:
  Client Component 
Browser:
    ./Cashwater Admin/
cashwater/app/componen
ts/AnalyticsSidebar.ts
x [Client Component 
Browser]
    ./Cashwater Admin/
cashwater/app/page.tsx
 [Client Component 
Browser]
    ./Cashwater Admin/
cashwater/app/page.tsx
 [Server Component]

  Client Component 
SSR:
    ./Cashwater Admin/
cashwater/app/componen
ts/AnalyticsSidebar.ts
x [Client Component 
SSR]
    ./Cashwater Admin/
cashwater/app/page.tsx
 [Client Component 
SSR]
    ./Cashwater Admin/
cashwater/app/page.tsx
 [Server Component]


    at <unknown> 
(./Cashwater Admin/cas
hwater/app/components/
AnalyticsSidebar.tsx:7
1:19)
